../Core/Src/main.c:50:6:HCSR04_Init	16	static
../Core/Src/main.c:55:10:HCSR04_Read	16	static
../Core/Src/main.c:63:6:HAL_TIM_IC_CaptureCallback	40	static
../Core/Src/main.c:138:5:main	8	static
../Core/Src/main.c:186:6:SystemClock_Config	88	static
../Core/Src/main.c:236:13:MX_TIM1_Init	72	static
../Core/Src/main.c:312:13:MX_TIM9_Init	56	static
../Core/Src/main.c:364:13:MX_USART3_UART_Init	8	static
../Core/Src/main.c:399:13:MX_USB_OTG_FS_PCD_Init	8	static
../Core/Src/main.c:434:13:MX_GPIO_Init	56	static
../Core/Src/main.c:535:6:Error_Handler	4	static,ignoring_inline_asm
