../Core/Src/main.c:51:6:HCSR04_Init	16	static
../Core/Src/main.c:56:10:HCSR04_Read	16	static
../Core/Src/main.c:88:6:SegmentDisplay_Write	32	static
../Core/Src/main.c:122:6:HAL_TIM_IC_CaptureCallback	48	static
../Core/Src/main.c:222:5:main	8	static
../Core/Src/main.c:281:6:SystemClock_Config	88	static
../Core/Src/main.c:331:13:MX_TIM1_Init	72	static
../Core/Src/main.c:407:13:MX_TIM2_Init	48	static
../Core/Src/main.c:456:13:MX_TIM9_Init	56	static
../Core/Src/main.c:508:13:MX_USART3_UART_Init	8	static
../Core/Src/main.c:543:13:MX_USB_OTG_FS_PCD_Init	8	static
../Core/Src/main.c:578:13:MX_GPIO_Init	64	static
../Core/Src/main.c:715:6:Error_Handler	4	static,ignoring_inline_asm
